../Core/Src/main.c:121:9:decToBcd	16	static
../Core/Src/main.c:126:5:bcdToDec	16	static
../Core/Src/main.c:133:6:Set_Time	48	static
../Core/Src/main.c:147:6:Get_Time	32	static
../Core/Src/main.c:160:6:print_information	16	static
../Core/Src/main.c:169:6:record_log	16	static
../Core/Src/main.c:178:6:trigger_alarm	80	static
../Core/Src/main.c:211:5:main	32	static
../Core/Src/main.c:333:6:SystemClock_Config	72	static
../Core/Src/main.c:373:13:MX_I2C2_Init	8	static
../Core/Src/main.c:407:13:MX_SPI2_Init	8	static
../Core/Src/main.c:445:13:MX_TIM1_Init	32	static
../Core/Src/main.c:491:13:MX_GPIO_Init	40	static
../Core/Src/main.c:536:6:Error_Handler	4	static,ignoring_inline_asm
