../Core/Src/main.c:121:9:decToBcd	16	static
../Core/Src/main.c:126:5:bcdToDec	16	static
../Core/Src/main.c:133:6:Set_Time	48	static
../Core/Src/main.c:147:6:Get_Time	32	static
../Core/Src/main.c:160:6:trigger_alarm	72	static
../Core/Src/main.c:217:5:main	32	static
../Core/Src/main.c:351:6:SystemClock_Config	72	static
../Core/Src/main.c:391:13:MX_I2C2_Init	8	static
../Core/Src/main.c:425:13:MX_SPI2_Init	8	static
../Core/Src/main.c:463:13:MX_TIM1_Init	32	static
../Core/Src/main.c:509:13:MX_GPIO_Init	40	static
../Core/Src/main.c:554:6:Error_Handler	4	static,ignoring_inline_asm
